../Core/Src/ili9341.c:75:6:initLookup	24	static
../Core/Src/ili9341.c:126:6:LCD_Init	8	static
../Core/Src/ili9341.c:234:6:LCD_CMD	16	static
../Core/Src/ili9341.c:245:6:LCD_DATA	16	static
../Core/Src/ili9341.c:256:6:SetWindows	24	static
../Core/Src/ili9341.c:273:6:LCD_Clear	24	static
../Core/Src/ili9341.c:292:6:H_line	32	static
../Core/Src/ili9341.c:313:6:V_line	32	static
../Core/Src/ili9341.c:333:6:Rect	24	static
../Core/Src/ili9341.c:343:6:FillRect	40	static
../Core/Src/ili9341.c:367:6:FillRectFast	40	static
../Core/Src/ili9341.c:422:6:LCD_Print	104	dynamic
../Core/Src/ili9341.c:487:6:LCD_Bitmap	40	static
../Core/Src/ili9341.c:506:6:LCD_BitmapTransparent	40	static
../Core/Src/ili9341.c:529:6:LCD_BitmapFast	40	static
../Core/Src/ili9341.c:581:6:LCD_Sprite	64	static
../Core/Src/ili9341.c:619:6:LCD_SpriteFast	64	static
../Core/Src/ili9341.c:677:6:LCD_Sprite_Transparent	64	static
